C:/Users/folnw/STM32Cube/Repository/STM32Cube_FW_F7_V1.17.0/Drivers/STM32F7xx_HAL_Driver/Src/stm32f7xx_hal_rcc.c:196:19:HAL_RCC_DeInit	16	static
C:/Users/folnw/STM32Cube/Repository/STM32Cube_FW_F7_V1.17.0/Drivers/STM32F7xx_HAL_Driver/Src/stm32f7xx_hal_rcc.c:331:19:HAL_RCC_OscConfig	32	static
C:/Users/folnw/STM32Cube/Repository/STM32Cube_FW_F7_V1.17.0/Drivers/STM32F7xx_HAL_Driver/Src/stm32f7xx_hal_rcc.c:676:19:HAL_RCC_ClockConfig	24	static
C:/Users/folnw/STM32Cube/Repository/STM32Cube_FW_F7_V1.17.0/Drivers/STM32F7xx_HAL_Driver/Src/stm32f7xx_hal_rcc.c:848:6:HAL_RCC_MCOConfig	56	static
C:/Users/folnw/STM32Cube/Repository/STM32Cube_FW_F7_V1.17.0/Drivers/STM32F7xx_HAL_Driver/Src/stm32f7xx_hal_rcc.c:901:6:HAL_RCC_EnableCSS	4	static
C:/Users/folnw/STM32Cube/Repository/STM32Cube_FW_F7_V1.17.0/Drivers/STM32F7xx_HAL_Driver/Src/stm32f7xx_hal_rcc.c:909:6:HAL_RCC_DisableCSS	4	static
C:/Users/folnw/STM32Cube/Repository/STM32Cube_FW_F7_V1.17.0/Drivers/STM32F7xx_HAL_Driver/Src/stm32f7xx_hal_rcc.c:943:10:HAL_RCC_GetSysClockFreq	112	static
C:/Users/folnw/STM32Cube/Repository/STM32Cube_FW_F7_V1.17.0/Drivers/STM32F7xx_HAL_Driver/Src/stm32f7xx_hal_rcc.c:997:10:HAL_RCC_GetHCLKFreq	4	static
C:/Users/folnw/STM32Cube/Repository/STM32Cube_FW_F7_V1.17.0/Drivers/STM32F7xx_HAL_Driver/Src/stm32f7xx_hal_rcc.c:1007:10:HAL_RCC_GetPCLK1Freq	8	static
C:/Users/folnw/STM32Cube/Repository/STM32Cube_FW_F7_V1.17.0/Drivers/STM32F7xx_HAL_Driver/Src/stm32f7xx_hal_rcc.c:1019:10:HAL_RCC_GetPCLK2Freq	8	static
C:/Users/folnw/STM32Cube/Repository/STM32Cube_FW_F7_V1.17.0/Drivers/STM32F7xx_HAL_Driver/Src/stm32f7xx_hal_rcc.c:1032:6:HAL_RCC_GetOscConfig	24	static,ignoring_inline_asm
C:/Users/folnw/STM32Cube/Repository/STM32Cube_FW_F7_V1.17.0/Drivers/STM32F7xx_HAL_Driver/Src/stm32f7xx_hal_rcc.c:1103:6:HAL_RCC_GetClockConfig	16	static
C:/Users/folnw/STM32Cube/Repository/STM32Cube_FW_F7_V1.17.0/Drivers/STM32F7xx_HAL_Driver/Src/stm32f7xx_hal_rcc.c:1131:6:HAL_RCC_NMI_IRQHandler	8	static
C:/Users/folnw/STM32Cube/Repository/STM32Cube_FW_F7_V1.17.0/Drivers/STM32F7xx_HAL_Driver/Src/stm32f7xx_hal_rcc.c:1146:13:HAL_RCC_CSSCallback	4	static
