C:/Users/folnw/STM32Cube/Repository/STM32Cube_FW_F7_V1.17.0/Drivers/STM32F7xx_HAL_Driver/Src/stm32f7xx_hal_flash.c:162:19:HAL_FLASH_Program	32	static
C:/Users/folnw/STM32Cube/Repository/STM32Cube_FW_F7_V1.17.0/Drivers/STM32F7xx_HAL_Driver/Src/stm32f7xx_hal_flash.c:225:19:HAL_FLASH_Program_IT	32	static
C:/Users/folnw/STM32Cube/Repository/STM32Cube_FW_F7_V1.17.0/Drivers/STM32F7xx_HAL_Driver/Src/stm32f7xx_hal_flash.c:283:6:HAL_FLASH_IRQHandler	16	static
C:/Users/folnw/STM32Cube/Repository/STM32Cube_FW_F7_V1.17.0/Drivers/STM32F7xx_HAL_Driver/Src/stm32f7xx_hal_flash.c:403:13:HAL_FLASH_EndOfOperationCallback	16	static
C:/Users/folnw/STM32Cube/Repository/STM32Cube_FW_F7_V1.17.0/Drivers/STM32F7xx_HAL_Driver/Src/stm32f7xx_hal_flash.c:420:13:HAL_FLASH_OperationErrorCallback	16	static
C:/Users/folnw/STM32Cube/Repository/STM32Cube_FW_F7_V1.17.0/Drivers/STM32F7xx_HAL_Driver/Src/stm32f7xx_hal_flash.c:451:19:HAL_FLASH_Unlock	16	static
C:/Users/folnw/STM32Cube/Repository/STM32Cube_FW_F7_V1.17.0/Drivers/STM32F7xx_HAL_Driver/Src/stm32f7xx_hal_flash.c:472:19:HAL_FLASH_Lock	4	static
C:/Users/folnw/STM32Cube/Repository/STM32Cube_FW_F7_V1.17.0/Drivers/STM32F7xx_HAL_Driver/Src/stm32f7xx_hal_flash.c:483:19:HAL_FLASH_OB_Unlock	4	static
C:/Users/folnw/STM32Cube/Repository/STM32Cube_FW_F7_V1.17.0/Drivers/STM32F7xx_HAL_Driver/Src/stm32f7xx_hal_flash.c:499:19:HAL_FLASH_OB_Lock	4	static
C:/Users/folnw/STM32Cube/Repository/STM32Cube_FW_F7_V1.17.0/Drivers/STM32F7xx_HAL_Driver/Src/stm32f7xx_hal_flash.c:510:19:HAL_FLASH_OB_Launch	8	static
C:/Users/folnw/STM32Cube/Repository/STM32Cube_FW_F7_V1.17.0/Drivers/STM32F7xx_HAL_Driver/Src/stm32f7xx_hal_flash.c:545:10:HAL_FLASH_GetError	4	static
C:/Users/folnw/STM32Cube/Repository/STM32Cube_FW_F7_V1.17.0/Drivers/STM32F7xx_HAL_Driver/Src/stm32f7xx_hal_flash.c:558:19:FLASH_WaitForLastOperation	24	static
C:/Users/folnw/STM32Cube/Repository/STM32Cube_FW_F7_V1.17.0/Drivers/STM32F7xx_HAL_Driver/Src/stm32f7xx_hal_flash.c:607:13:FLASH_Program_DoubleWord	24	static,ignoring_inline_asm
C:/Users/folnw/STM32Cube/Repository/STM32Cube_FW_F7_V1.17.0/Drivers/STM32F7xx_HAL_Driver/Src/stm32f7xx_hal_flash.c:642:13:FLASH_Program_Word	16	static,ignoring_inline_asm
C:/Users/folnw/STM32Cube/Repository/STM32Cube_FW_F7_V1.17.0/Drivers/STM32F7xx_HAL_Driver/Src/stm32f7xx_hal_flash.c:670:13:FLASH_Program_HalfWord	16	static,ignoring_inline_asm
C:/Users/folnw/STM32Cube/Repository/STM32Cube_FW_F7_V1.17.0/Drivers/STM32F7xx_HAL_Driver/Src/stm32f7xx_hal_flash.c:699:13:FLASH_Program_Byte	16	static,ignoring_inline_asm
C:/Users/folnw/STM32Cube/Repository/STM32Cube_FW_F7_V1.17.0/Drivers/STM32F7xx_HAL_Driver/Src/stm32f7xx_hal_flash.c:719:13:FLASH_SetErrorCode	4	static
