C:/Users/folnw/STM32Cube/Repository/STM32Cube_FW_F7_V1.17.0/Drivers/STM32F7xx_HAL_Driver/Src/stm32f7xx_hal_pwr_ex.c:134:19:HAL_PWREx_EnableBkUpReg	16	static
C:/Users/folnw/STM32Cube/Repository/STM32Cube_FW_F7_V1.17.0/Drivers/STM32F7xx_HAL_Driver/Src/stm32f7xx_hal_pwr_ex.c:160:19:HAL_PWREx_DisableBkUpReg	16	static
C:/Users/folnw/STM32Cube/Repository/STM32Cube_FW_F7_V1.17.0/Drivers/STM32F7xx_HAL_Driver/Src/stm32f7xx_hal_pwr_ex.c:186:6:HAL_PWREx_EnableFlashPowerDown	4	static
C:/Users/folnw/STM32Cube/Repository/STM32Cube_FW_F7_V1.17.0/Drivers/STM32F7xx_HAL_Driver/Src/stm32f7xx_hal_pwr_ex.c:195:6:HAL_PWREx_DisableFlashPowerDown	4	static
C:/Users/folnw/STM32Cube/Repository/STM32Cube_FW_F7_V1.17.0/Drivers/STM32F7xx_HAL_Driver/Src/stm32f7xx_hal_pwr_ex.c:204:6:HAL_PWREx_EnableMainRegulatorLowVoltage	4	static
C:/Users/folnw/STM32Cube/Repository/STM32Cube_FW_F7_V1.17.0/Drivers/STM32F7xx_HAL_Driver/Src/stm32f7xx_hal_pwr_ex.c:213:6:HAL_PWREx_DisableMainRegulatorLowVoltage	4	static
C:/Users/folnw/STM32Cube/Repository/STM32Cube_FW_F7_V1.17.0/Drivers/STM32F7xx_HAL_Driver/Src/stm32f7xx_hal_pwr_ex.c:222:6:HAL_PWREx_EnableLowRegulatorLowVoltage	4	static
C:/Users/folnw/STM32Cube/Repository/STM32Cube_FW_F7_V1.17.0/Drivers/STM32F7xx_HAL_Driver/Src/stm32f7xx_hal_pwr_ex.c:231:6:HAL_PWREx_DisableLowRegulatorLowVoltage	4	static
C:/Users/folnw/STM32Cube/Repository/STM32Cube_FW_F7_V1.17.0/Drivers/STM32F7xx_HAL_Driver/Src/stm32f7xx_hal_pwr_ex.c:246:19:HAL_PWREx_EnableOverDrive	16	static
C:/Users/folnw/STM32Cube/Repository/STM32Cube_FW_F7_V1.17.0/Drivers/STM32F7xx_HAL_Driver/Src/stm32f7xx_hal_pwr_ex.c:287:19:HAL_PWREx_DisableOverDrive	16	static
C:/Users/folnw/STM32Cube/Repository/STM32Cube_FW_F7_V1.17.0/Drivers/STM32F7xx_HAL_Driver/Src/stm32f7xx_hal_pwr_ex.c:356:19:HAL_PWREx_EnterUnderDriveSTOPMode	32	static,ignoring_inline_asm
C:/Users/folnw/STM32Cube/Repository/STM32Cube_FW_F7_V1.17.0/Drivers/STM32F7xx_HAL_Driver/Src/stm32f7xx_hal_pwr_ex.c:418:10:HAL_PWREx_GetVoltageRange	4	static
C:/Users/folnw/STM32Cube/Repository/STM32Cube_FW_F7_V1.17.0/Drivers/STM32F7xx_HAL_Driver/Src/stm32f7xx_hal_pwr_ex.c:449:19:HAL_PWREx_ControlVoltageScaling	32	static
