C:/Users/folnw/STM32Cube/Repository/STM32Cube_FW_F7_V1.17.0/Drivers/STM32F7xx_HAL_Driver/Src/stm32f7xx_hal_uart_ex.c:151:19:HAL_RS485Ex_Init	32	static
C:/Users/folnw/STM32Cube/Repository/STM32Cube_FW_F7_V1.17.0/Drivers/STM32F7xx_HAL_Driver/Src/stm32f7xx_hal_uart_ex.c:295:19:HAL_UARTEx_EnableClockStopMode	40	static,ignoring_inline_asm
C:/Users/folnw/STM32Cube/Repository/STM32Cube_FW_F7_V1.17.0/Drivers/STM32F7xx_HAL_Driver/Src/stm32f7xx_hal_uart_ex.c:313:19:HAL_UARTEx_DisableClockStopMode	40	static,ignoring_inline_asm
C:/Users/folnw/STM32Cube/Repository/STM32Cube_FW_F7_V1.17.0/Drivers/STM32F7xx_HAL_Driver/Src/stm32f7xx_hal_uart_ex.c:340:19:HAL_MultiProcessorEx_AddressLength_Set	16	static
C:/Users/folnw/STM32Cube/Repository/STM32Cube_FW_F7_V1.17.0/Drivers/STM32F7xx_HAL_Driver/Src/stm32f7xx_hal_uart_ex.c:378:19:HAL_UARTEx_StopModeWakeUpSourceConfig	40	static
C:/Users/folnw/STM32Cube/Repository/STM32Cube_FW_F7_V1.17.0/Drivers/STM32F7xx_HAL_Driver/Src/stm32f7xx_hal_uart_ex.c:433:19:HAL_UARTEx_EnableStopMode	40	static,ignoring_inline_asm
C:/Users/folnw/STM32Cube/Repository/STM32Cube_FW_F7_V1.17.0/Drivers/STM32F7xx_HAL_Driver/Src/stm32f7xx_hal_uart_ex.c:451:19:HAL_UARTEx_DisableStopMode	40	static,ignoring_inline_asm
C:/Users/folnw/STM32Cube/Repository/STM32Cube_FW_F7_V1.17.0/Drivers/STM32F7xx_HAL_Driver/Src/stm32f7xx_hal_uart_ex.c:482:19:HAL_UARTEx_ReceiveToIdle	40	static
C:/Users/folnw/STM32Cube/Repository/STM32Cube_FW_F7_V1.17.0/Drivers/STM32F7xx_HAL_Driver/Src/stm32f7xx_hal_uart_ex.c:591:19:HAL_UARTEx_ReceiveToIdle_IT	56	static,ignoring_inline_asm
C:/Users/folnw/STM32Cube/Repository/STM32Cube_FW_F7_V1.17.0/Drivers/STM32F7xx_HAL_Driver/Src/stm32f7xx_hal_uart_ex.c:644:19:HAL_UARTEx_ReceiveToIdle_DMA	56	static,ignoring_inline_asm
C:/Users/folnw/STM32Cube/Repository/STM32Cube_FW_F7_V1.17.0/Drivers/STM32F7xx_HAL_Driver/Src/stm32f7xx_hal_uart_ex.c:704:29:HAL_UARTEx_GetRxEventType	16	static
C:/Users/folnw/STM32Cube/Repository/STM32Cube_FW_F7_V1.17.0/Drivers/STM32F7xx_HAL_Driver/Src/stm32f7xx_hal_uart_ex.c:728:13:UARTEx_Wakeup_AddressConfig	24	static
